2026-08-05 18:43:24,591 - INFO - ingestingbegin_inventory.csv in db
2026-08-05 18:43:25,693 - INFO - ingestingend_inventory.csv in db
2026-08-05 18:43:30,949 - INFO - ingestingpurchases.csv in db
2026-08-05 18:43:42,601 - INFO - ingestingpurchase_prices.csv in db
2026-08-05 18:44:01,859 - INFO - ingestingsales.csv in db
2026-08-05 18:47:57,262 - INFO - ingestingbegin_inventory.csv in db
2026-08-05 18:47:58,133 - INFO - ingestingend_inventory.csv in db
2026-08-05 18:48:03,403 - INFO - ingestingpurchases.csv in db
2026-08-05 18:48:12,436 - INFO - ingestingpurchase_prices.csv in db
2026-08-05 18:48:31,789 - INFO - ingestingsales.csv in db
2026-08-05 18:49:20,022 - INFO - ingestingvendor_invoice.csv in db
2026-08-05 18:49:20,049 - INFO - Ingestion complete
2026-08-05 18:49:20,049 - INFO - total time taken 1.3833954572677611 in minutes
2026-08-07 17:27:18,268 - INFO - creating vendor_summary table
2026-08-07 17:28:37,099 - INFO -    VendorNumber                   VendorName  Brand              Description  ...  TotalSalesDollar  TotalSalesPrice TotalExciseTax  FreightCost
0          1128  BROWN-FORMAN CORP             1233  Jack Daniels No 7 Black  ...      5.101920e+06        672819.31      260999.20     68601.68
1          4425        MARTIGNETTI COMPANIES   3405    Tito's Handmade Vodka  ...      4.819073e+06        561512.37      294438.66    144929.24
2         17035  PERNOD RICARD USA             8068         Absolut 80 Proof  ...      4.538121e+06        461140.15      343854.07    123780.22
3          3960  DIAGEO NORTH AMERICA INC      4261   Capt Morgan Spiced Rum  ...      4.475973e+06        420050.01      368242.80    257032.07
4          3960  DIAGEO NORTH AMERICA INC      3545          Ketel One Vodka  ...      4.223108e+06        545778.28      249587.83    257032.07

[5 rows x 14 columns]
2026-08-07 17:28:37,155 - INFO - cleaning the data
2026-08-07 17:28:37,171 - INFO -    VendorNumber                VendorName  Brand              Description  ...  GrossProfit  ProfitMargin  StockTurnover  SalesToPurchaseRatio
0          1128         BROWN-FORMAN CORP   1233  Jack Daniels No 7 Black  ...   1290667.91     25.297693       0.979108              1.338647
1          4425     MARTIGNETTI COMPANIES   3405    Tito's Handmade Vodka  ...   1015032.27     21.062810       0.976890              1.266830
2         17035         PERNOD RICARD USA   8068         Absolut 80 Proof  ...   1119816.92     24.675786       0.998575              1.327594
3          3960  DIAGEO NORTH AMERICA INC   4261   Capt Morgan Spiced Rum  ...   1214774.94     27.139908       0.993703              1.372493
4          3960  DIAGEO NORTH AMERICA INC   3545          Ketel One Vodka  ...   1199901.61     28.412764       0.983556              1.396897

[5 rows x 18 columns]
2026-08-07 17:28:37,171 - INFO - ingesting the data in database
2026-08-07 17:28:37,237 - INFO - completed
